[33m❯[39m Building...
[32m✔[39m Building...
[1mInitial chunk files[22m[2m | [22m[1mNames[22m                        [2m | [22m [1mRaw size[22m
[32mpolyfills.js[39m       [2m | [22m[2mpolyfills[22m                    [2m | [22m [36m90.20 kB[39m[2m | [22m
[32mstyles.css[39m         [2m | [22m[2mstyles[22m                       [2m | [22m [36m20.16 kB[39m[2m | [22m
[32mmain.js[39m            [2m | [22m[2mmain[22m                         [2m | [22m  [36m8.58 kB[39m[2m | [22m
[32mchunk-WXU7NGGY.js[39m  [2m | [22m[2m-[22m                            [2m | [22m  [36m2.48 kB[39m[2m | [22m
[32mchunk-HJSMMO44.js[39m  [2m | [22m[2m-[22m                            [2m | [22m  [36m2.36 kB[39m[2m | [22m
[32mchunk-PJUINSZZ.js[39m  [2m | [22m[2m-[22m                            [2m | [22m  [36m1.12 kB[39m[2m | [22m
[32mchunk-VUJOFXKG.js[39m  [2m | [22m[2m-[22m                            [2m | [22m[36m938 bytes[39m[2m | [22m
[32mchunk-GJ5CGKV4.js[39m  [2m | [22m[2m-[22m                            [2m | [22m[36m170 bytes[39m[2m | [22m

[1m [22m                  [2m | [22m[1mInitial total[22m                [2m | [22m[1m126.00 kB[22m

[1mLazy chunk files[22m   [2m | [22m[1mNames[22m                        [2m | [22m [1mRaw size[22m
[32mchunk-ETD2OLKJ.js[39m  [2m | [22m[2mpractice-component[22m           [2m | [22m [36m54.20 kB[39m[2m | [22m
[32mchunk-45LVYQVF.js[39m  [2m | [22m[2mdashboard-component[22m          [2m | [22m [36m36.73 kB[39m[2m | [22m
[32mchunk-BPCXK5QL.js[39m  [2m | [22m[2mkids-session-component[22m       [2m | [22m [36m34.82 kB[39m[2m | [22m
[32mchunk-P62YQMNE.js[39m  [2m | [22m[2mlearn-component[22m              [2m | [22m [36m33.80 kB[39m[2m | [22m
[32mchunk-ZA6HOSWP.js[39m  [2m | [22m[2mcompetition-component[22m        [2m | [22m [36m32.42 kB[39m[2m | [22m
[32mchunk-D4NIE7U7.js[39m  [2m | [22m[2madmin-subscriptions-component[22m[2m | [22m [36m25.99 kB[39m[2m | [22m
[32mchunk-J2TZRZRE.js[39m  [2m | [22m[2mpricing-component[22m            [2m | [22m [36m25.05 kB[39m[2m | [22m
[32mchunk-HPCURJ5E.js[39m  [2m | [22m[2mresults-component[22m            [2m | [22m [36m20.99 kB[39m[2m | [22m
[32mchunk-37SHXMVS.js[39m  [2m | [22m[2machievements-component[22m       [2m | [22m [36m19.24 kB[39m[2m | [22m
[32mchunk-HQW5JZ2B.js[39m  [2m | [22m[2mprogress-component[22m           [2m | [22m [36m18.31 kB[39m[2m | [22m
[32mchunk-IQT2ZMEM.js[39m  [2m | [22m[2mlogin-component[22m              [2m | [22m [36m17.77 kB[39m[2m | [22m
[32mchunk-FVHMZU4O.js[39m  [2m | [22m[2mlanding-component[22m            [2m | [22m [36m16.79 kB[39m[2m | [22m
[32mchunk-K44HUIFW.js[39m  [2m | [22m[2mcontact-component[22m            [2m | [22m [36m11.11 kB[39m[2m | [22m
[32mchunk-MFQ7PNGJ.js[39m  [2m | [22m[2monboarding-component[22m         [2m | [22m [36m10.93 kB[39m[2m | [22m
[32mchunk-ORQTW5AQ.js[39m  [2m | [22m[2mshell-component[22m              [2m | [22m  [36m7.43 kB[39m[2m | [22m
[2m...and 11 more lazy chunks files. Use "--verbose" to show all the files.[22m

Application bundle generation complete. [2.223 seconds]

Watch mode enabled. Watching for file changes...
NOTE: Raw file sizes do not reflect development server per-request transformations.
  [32m➜[39m  [1mLocal[22m:   [36mhttp://localhost:[1m4290[22m/[39m
[33m❯[39m Changes detected. Rebuilding...
[32m✔[39m Changes detected. Rebuilding...
[1mInitial chunk files[22m[2m | [22m[1mNames[22m                 [2m | [22m[1mRaw size[22m
[32mmain.js[39m            [2m | [22m[2mmain[22m                  [2m | [22m [36m8.58 kB[39m[2m | [22m

[1mLazy chunk files[22m   [2m | [22m[1mNames[22m                 [2m | [22m[1mRaw size[22m
[32mchunk-NGCLTZYK.js[39m  [2m | [22m[2mkids-session-component[22m[2m | [22m[36m34.82 kB[39m[2m | [22m
[32mchunk-EB5RTDYP.js[39m  [2m | [22m[2m-[22m                     [2m | [22m [36m5.70 kB[39m[2m | [22m
[32mchunk-RBEAUX3D.js[39m  [2m | [22m[2mkids-world-component[22m  [2m | [22m [36m5.50 kB[39m[2m | [22m
[32mchunk-5ZZAAHQM.js[39m  [2m | [22m[2mkids-home-component[22m   [2m | [22m [36m4.22 kB[39m[2m | [22m
[32mchunk-KXIMAZUY.js[39m  [2m | [22m[2mkids-layout-component[22m [2m | [22m [36m2.66 kB[39m[2m | [22m

Application bundle generation complete. [1.143 seconds]

Page reload sent to client(s).
[33m❯[39m Changes detected. Rebuilding...
[32m✔[39m Changes detected. Rebuilding...
[1mInitial chunk files[22m[2m | [22m[1mNames[22m                 [2m | [22m[1mRaw size[22m
[32mmain.js[39m            [2m | [22m[2mmain[22m                  [2m | [22m [36m8.58 kB[39m[2m | [22m

[1mLazy chunk files[22m   [2m | [22m[1mNames[22m                 [2m | [22m[1mRaw size[22m
[32mchunk-O5EAOJG2.js[39m  [2m | [22m[2mkids-session-component[22m[2m | [22m[36m34.84 kB[39m[2m | [22m

Application bundle generation complete. [0.240 seconds]

Page reload sent to client(s).
[33m❯[39m Changes detected. Rebuilding...
[32m✔[39m Changes detected. Rebuilding...
Application bundle generation failed. [0.190 seconds]

[1m[31m[31mX [41;31m[[41;97mERROR[41;31m][0m [1mNG9: Property 'dots' does not exist on type 'CountingExerciseComponent'.[0m [1m[35m[plugin angular-compiler][0m

    src/app/features/kids/exercise/counting-exercise.component.ts:30:23:
[37m      30 │             @for (d of [32mdots[37m(o.value); track d) { <i class="opt-dot...
         ╵                        [32m~~~~[0m

[39m[22m
[33m❯[39m Changes detected. Rebuilding...
[32m✔[39m Changes detected. Rebuilding...
[1mInitial chunk files[22m[2m | [22m[1mNames[22m                        [2m | [22m [1mRaw size[22m
[32mpolyfills.js[39m       [2m | [22m[2mpolyfills[22m                    [2m | [22m [36m90.20 kB[39m[2m | [22m
[32mstyles.css[39m         [2m | [22m[2mstyles[22m                       [2m | [22m [36m20.16 kB[39m[2m | [22m
[32mmain.js[39m            [2m | [22m[2mmain[22m                         [2m | [22m  [36m8.58 kB[39m[2m | [22m
[32mchunk-WXU7NGGY.js[39m  [2m | [22m[2m-[22m                            [2m | [22m  [36m2.48 kB[39m[2m | [22m
[32mchunk-HJSMMO44.js[39m  [2m | [22m[2m-[22m                            [2m | [22m  [36m2.36 kB[39m[2m | [22m
[32mchunk-PJUINSZZ.js[39m  [2m | [22m[2m-[22m                            [2m | [22m  [36m1.12 kB[39m[2m | [22m
[32mchunk-VUJOFXKG.js[39m  [2m | [22m[2m-[22m                            [2m | [22m[36m938 bytes[39m[2m | [22m
[32mchunk-GJ5CGKV4.js[39m  [2m | [22m[2m-[22m                            [2m | [22m[36m170 bytes[39m[2m | [22m

[1m [22m                  [2m | [22m[1mInitial total[22m                [2m | [22m[1m126.00 kB[22m

[1mLazy chunk files[22m   [2m | [22m[1mNames[22m                        [2m | [22m [1mRaw size[22m
[32mchunk-ETD2OLKJ.js[39m  [2m | [22m[2mpractice-component[22m           [2m | [22m [36m54.20 kB[39m[2m | [22m
[32mchunk-45LVYQVF.js[39m  [2m | [22m[2mdashboard-component[22m          [2m | [22m [36m36.73 kB[39m[2m | [22m
[32mchunk-FUV4U3Q7.js[39m  [2m | [22m[2mkids-session-component[22m       [2m | [22m [36m35.61 kB[39m[2m | [22m
[32mchunk-P62YQMNE.js[39m  [2m | [22m[2mlearn-component[22m              [2m | [22m [36m33.80 kB[39m[2m | [22m
[32mchunk-ZA6HOSWP.js[39m  [2m | [22m[2mcompetition-component[22m        [2m | [22m [36m32.42 kB[39m[2m | [22m
[32mchunk-D4NIE7U7.js[39m  [2m | [22m[2madmin-subscriptions-component[22m[2m | [22m [36m25.99 kB[39m[2m | [22m
[32mchunk-J2TZRZRE.js[39m  [2m | [22m[2mpricing-component[22m            [2m | [22m [36m25.05 kB[39m[2m | [22m
[32mchunk-HPCURJ5E.js[39m  [2m | [22m[2mresults-component[22m            [2m | [22m [36m20.99 kB[39m[2m | [22m
[32mchunk-37SHXMVS.js[39m  [2m | [22m[2machievements-component[22m       [2m | [22m [36m19.24 kB[39m[2m | [22m
[32mchunk-HQW5JZ2B.js[39m  [2m | [22m[2mprogress-component[22m           [2m | [22m [36m18.31 kB[39m[2m | [22m
[32mchunk-IQT2ZMEM.js[39m  [2m | [22m[2mlogin-component[22m              [2m | [22m [36m17.77 kB[39m[2m | [22m
[32mchunk-FVHMZU4O.js[39m  [2m | [22m[2mlanding-component[22m            [2m | [22m [36m16.79 kB[39m[2m | [22m
[32mchunk-K44HUIFW.js[39m  [2m | [22m[2mcontact-component[22m            [2m | [22m [36m11.11 kB[39m[2m | [22m
[32mchunk-MFQ7PNGJ.js[39m  [2m | [22m[2monboarding-component[22m         [2m | [22m [36m10.93 kB[39m[2m | [22m
[32mchunk-ORQTW5AQ.js[39m  [2m | [22m[2mshell-component[22m              [2m | [22m  [36m7.43 kB[39m[2m | [22m
[2m...and 11 more lazy chunks files. Use "--verbose" to show all the files.[22m

Application bundle generation complete. [0.243 seconds]

Page reload sent to client(s).
[33m❯[39m Changes detected. Rebuilding...
[32m✔[39m Changes detected. Rebuilding...
Application bundle generation failed. [0.187 seconds]

[1m[31m[31mX [41;31m[[41;97mERROR[41;31m][0m [1mNG9: Property 'dots' does not exist on type 'AdditionExerciseComponent'.[0m [1m[35m[plugin angular-compiler][0m

    src/app/features/kids/exercise/addition-exercise.component.ts:32:23:
[37m      32 │             @for (d of [32mdots[37m(o.value); track d) { <i class="opt-dot...
         ╵                        [32m~~~~[0m

[39m[22m
[33m❯[39m Changes detected. Rebuilding...
[32m✔[39m Changes detected. Rebuilding...
[1mInitial chunk files[22m[2m | [22m[1mNames[22m                        [2m | [22m [1mRaw size[22m
[32mpolyfills.js[39m       [2m | [22m[2mpolyfills[22m                    [2m | [22m [36m90.20 kB[39m[2m | [22m
[32mstyles.css[39m         [2m | [22m[2mstyles[22m                       [2m | [22m [36m20.16 kB[39m[2m | [22m
[32mmain.js[39m            [2m | [22m[2mmain[22m                         [2m | [22m  [36m8.58 kB[39m[2m | [22m
[32mchunk-WXU7NGGY.js[39m  [2m | [22m[2m-[22m                            [2m | [22m  [36m2.48 kB[39m[2m | [22m
[32mchunk-HJSMMO44.js[39m  [2m | [22m[2m-[22m                            [2m | [22m  [36m2.36 kB[39m[2m | [22m
[32mchunk-PJUINSZZ.js[39m  [2m | [22m[2m-[22m                            [2m | [22m  [36m1.12 kB[39m[2m | [22m
[32mchunk-VUJOFXKG.js[39m  [2m | [22m[2m-[22m                            [2m | [22m[36m938 bytes[39m[2m | [22m
[32mchunk-GJ5CGKV4.js[39m  [2m | [22m[2m-[22m                            [2m | [22m[36m170 bytes[39m[2m | [22m

[1m [22m                  [2m | [22m[1mInitial total[22m                [2m | [22m[1m126.00 kB[22m

[1mLazy chunk files[22m   [2m | [22m[1mNames[22m                        [2m | [22m [1mRaw size[22m
[32mchunk-ETD2OLKJ.js[39m  [2m | [22m[2mpractice-component[22m           [2m | [22m [36m54.20 kB[39m[2m | [22m
[32mchunk-45LVYQVF.js[39m  [2m | [22m[2mdashboard-component[22m          [2m | [22m [36m36.73 kB[39m[2m | [22m
[32mchunk-XJ22ULYI.js[39m  [2m | [22m[2mkids-session-component[22m       [2m | [22m [36m36.39 kB[39m[2m | [22m
[32mchunk-P62YQMNE.js[39m  [2m | [22m[2mlearn-component[22m              [2m | [22m [36m33.80 kB[39m[2m | [22m
[32mchunk-ZA6HOSWP.js[39m  [2m | [22m[2mcompetition-component[22m        [2m | [22m [36m32.42 kB[39m[2m | [22m
[32mchunk-D4NIE7U7.js[39m  [2m | [22m[2madmin-subscriptions-component[22m[2m | [22m [36m25.99 kB[39m[2m | [22m
[32mchunk-J2TZRZRE.js[39m  [2m | [22m[2mpricing-component[22m            [2m | [22m [36m25.05 kB[39m[2m | [22m
[32mchunk-HPCURJ5E.js[39m  [2m | [22m[2mresults-component[22m            [2m | [22m [36m20.99 kB[39m[2m | [22m
[32mchunk-37SHXMVS.js[39m  [2m | [22m[2machievements-component[22m       [2m | [22m [36m19.24 kB[39m[2m | [22m
[32mchunk-HQW5JZ2B.js[39m  [2m | [22m[2mprogress-component[22m           [2m | [22m [36m18.31 kB[39m[2m | [22m
[32mchunk-IQT2ZMEM.js[39m  [2m | [22m[2mlogin-component[22m              [2m | [22m [36m17.77 kB[39m[2m | [22m
[32mchunk-FVHMZU4O.js[39m  [2m | [22m[2mlanding-component[22m            [2m | [22m [36m16.79 kB[39m[2m | [22m
[32mchunk-K44HUIFW.js[39m  [2m | [22m[2mcontact-component[22m            [2m | [22m [36m11.11 kB[39m[2m | [22m
[32mchunk-MFQ7PNGJ.js[39m  [2m | [22m[2monboarding-component[22m         [2m | [22m [36m10.93 kB[39m[2m | [22m
[32mchunk-ORQTW5AQ.js[39m  [2m | [22m[2mshell-component[22m              [2m | [22m  [36m7.43 kB[39m[2m | [22m
[2m...and 11 more lazy chunks files. Use "--verbose" to show all the files.[22m

Application bundle generation complete. [0.253 seconds]

Page reload sent to client(s).
[33m❯[39m Changes detected. Rebuilding...
[32m✔[39m Changes detected. Rebuilding...
[1mInitial chunk files[22m[2m | [22m[1mNames[22m [2m | [22m[1mRaw size[22m
[32mstyles.css[39m         [2m | [22m[2mstyles[22m[2m | [22m[36m20.74 kB[39m[2m | [22m

Application bundle generation complete. [0.106 seconds]

HMR update sent to client(s).
[33m❯[39m Changes detected. Rebuilding...
[32m✔[39m Changes detected. Rebuilding...
[1mInitial chunk files[22m[2m | [22m[1mNames[22m                 [2m | [22m[1mRaw size[22m
[32mmain.js[39m            [2m | [22m[2mmain[22m                  [2m | [22m [36m8.58 kB[39m[2m | [22m

[1mLazy chunk files[22m   [2m | [22m[1mNames[22m                 [2m | [22m[1mRaw size[22m
[32mchunk-5Y6LUETY.js[39m  [2m | [22m[2mkids-session-component[22m[2m | [22m[36m36.63 kB[39m[2m | [22m

Application bundle generation complete. [0.101 seconds]

Page reload sent to client(s).
[33m❯[39m Changes detected. Rebuilding...
[32m✔[39m Changes detected. Rebuilding...
[1mInitial chunk files[22m[2m | [22m[1mNames[22m                 [2m | [22m[1mRaw size[22m
[32mmain.js[39m            [2m | [22m[2mmain[22m                  [2m | [22m [36m8.58 kB[39m[2m | [22m

[1mLazy chunk files[22m   [2m | [22m[1mNames[22m                 [2m | [22m[1mRaw size[22m
[32mchunk-YCRNOM2X.js[39m  [2m | [22m[2mkids-session-component[22m[2m | [22m[36m36.88 kB[39m[2m | [22m

Application bundle generation complete. [0.204 seconds]

Page reload sent to client(s).
[33m❯[39m Changes detected. Rebuilding...
[32m✔[39m Changes detected. Rebuilding...
[1mInitial chunk files[22m[2m | [22m[1mNames[22m [2m | [22m[1mRaw size[22m
[32mstyles.css[39m         [2m | [22m[2mstyles[22m[2m | [22m[36m20.66 kB[39m[2m | [22m

Application bundle generation complete. [0.121 seconds]

HMR update sent to client(s).
